MAX30102.c:100:17:Max30102_WriteReg	32	static
MAX30102.c:107:17:Max30102_ReadReg	24	static
MAX30102.c:114:17:Max30102_WriteRegisterBit	24	static
MAX30102.c:127:17:Max30102_ReadFifo	48	static
MAX30102.c:164:17:Max30102_SetIntAlmostFullEnabled	0	static
MAX30102.c:169:17:Max30102_SetIntFifoDataReadyEnabled	0	static
MAX30102.c:175:17:Max30102_SetIntAmbientLightCancelationOvfEnabled	0	static
MAX30102.c:187:17:Max30102_ReadInterruptStatus	24	static
MAX30102.c:203:6:Max30102_InterruptCallback	32	static
MAX30102.c:265:17:Max30102_FifoWritePointer	8	static
MAX30102.c:272:17:Max30102_FifoOverflowCounter	8	static
MAX30102.c:279:17:Max30102_FifoReadPointer	8	static
MAX30102.c:286:17:Max30102_FifoSampleAveraging	16	static
MAX30102.c:299:17:Max30102_FifoRolloverEnable	0	static
MAX30102.c:304:17:Max30102_FifoAlmostFullValue	16	static
MAX30102.c:322:17:Max30102_ShutdownMode	0	static
MAX30102.c:327:17:Max30102_Reset	16	static
MAX30102.c:341:17:Max30102_SetMode	16	static
MAX30102.c:356:17:Max30102_SpO2AdcRange	16	static
MAX30102.c:369:17:Max30102_SpO2SampleRate	16	static
MAX30102.c:382:17:Max30102_SpO2LedPulseWidth	16	static
MAX30102.c:399:17:Max30102_Led1PulseAmplitude	8	static
MAX30102.c:406:17:Max30102_Led2PulseAmplitude	8	static
MAX30102.c:416:17:Max30102_IsFingerOnSensor	0	static
MAX30102.c:421:9:Max30102_GetHeartRate	0	static
MAX30102.c:426:9:Max30102_GetSpO2Value	0	static
MAX30102.c:431:6:Max30102_Task	32	static
MAX30102.c:501:17:Max30102_Init	16	static
