stm32f4xx_it.c:74:6:NMI_Handler	0	static
stm32f4xx_it.c:87:6:HardFault_Handler	0	static
stm32f4xx_it.c:102:6:MemManage_Handler	0	static
stm32f4xx_it.c:117:6:BusFault_Handler	0	static
stm32f4xx_it.c:132:6:UsageFault_Handler	0	static
stm32f4xx_it.c:147:6:SVC_Handler	0	static
stm32f4xx_it.c:160:6:DebugMon_Handler	0	static
stm32f4xx_it.c:173:6:PendSV_Handler	0	static
stm32f4xx_it.c:186:6:SysTick_Handler	0	static
stm32f4xx_it.c:207:6:EXTI9_5_IRQHandler	0	static
stm32f4xx_it.c:221:6:I2C1_EV_IRQHandler	0	static
stm32f4xx_it.c:235:6:I2C1_ER_IRQHandler	0	static
stm32f4xx_it.c:249:6:I2C2_EV_IRQHandler	0	static
stm32f4xx_it.c:263:6:I2C2_ER_IRQHandler	0	static
stm32f4xx_it.c:277:6:USART1_IRQHandler	8	static
stm32f4xx_it.c:296:6:EXTI15_10_IRQHandler	8	static
stm32f4xx_it.c:311:6:USART6_IRQHandler	8	static
